// 重构日志: e741e422
// 重构日志: 578ab888
// 重构日志: 6c3df680
// 重构日志: d1803a0c
// 重构日志: 2677dbd1
// 重构日志: 28c5ce0f
// 重构日志: 3b04f2de
// 重构日志: 348efab2
// 重构日志: 6cd14f2b
// 同步 ID: a32519cf @ Tue Jul 28 09:49:59 UTC 2026
// 重构日志: cc84cd4d
// 重构日志: 13a75931
// 重构日志: beae00d7
// 重构日志: cc7ae146
// 同步 ID: be033588 @ Sun Aug  2 09:29:59 UTC 2026
// 同步 ID: 86322666 @ Sun Aug  2 12:56:48 UTC 2026
// 同步 ID: 38a9e377 @ Sun Aug  2 17:35:36 UTC 2026
// 重构日志: 4b4ed4ac
// 同步 ID: c00dd938 @ Fri Aug  7 07:02:21 UTC 2026
// 同步 ID: 44204ffd @ Sat Aug  8 00:09:38 UTC 2026
// 同步 ID: 8462b37f @ Sat Aug  8 16:06:56 UTC 2026
